// Jest Snapshot v1, https://goo.gl/fbAQLP

exports[`<AddCategory /> testing 1. Should to render correctly 1`] = `
<form
  onSubmit={[Function]}
>
  <input
    onChange={[Function]}
    type="text"
    value=""
  />
</form>
`;
